// Jest Snapshot v1, https://goo.gl/fbAQLP

exports[`components/Flag.vue renders correctly 1`] = `
<span
  class="flag-icon flag-icon-squared flag-icon-ja"
  title="Japan"
/>
`;
